[0.159s] DEBUG:colcon:Command line arguments: ['/usr/bin/colcon', 'build', '--packages-select', 'mdrobot_imu', '--symlink-install']
[0.159s] DEBUG:colcon:Parsed command line arguments: Namespace(log_base=None, log_level=None, verb_name='build', build_base='build', install_base='install', merge_install=False, symlink_install=True, test_result_base=None, continue_on_error=False, executor='parallel', parallel_workers=4, event_handlers=None, ignore_user_meta=False, metas=['./colcon.meta'], base_paths=['.'], packages_ignore=None, packages_ignore_regex=None, paths=None, packages_up_to=None, packages_up_to_regex=None, packages_above=None, packages_above_and_dependencies=None, packages_above_depth=None, packages_select_by_dep=None, packages_skip_by_dep=None, packages_skip_up_to=None, packages_select_build_failed=False, packages_skip_build_finished=False, packages_select_test_failures=False, packages_skip_test_passed=False, packages_select=['mdrobot_imu'], packages_skip=None, packages_select_regex=None, packages_skip_regex=None, packages_start=None, packages_end=None, cmake_args=None, cmake_target=None, cmake_target_skip_unavailable=False, cmake_clean_cache=False, cmake_clean_first=False, cmake_force_configure=False, ament_cmake_args=None, catkin_cmake_args=None, catkin_skip_building_tests=False, verb_parser=<colcon_defaults.argument_parser.defaults.DefaultArgumentsDecorator object at 0xffffb0fa81d0>, verb_extension=<colcon_core.verb.build.BuildVerb object at 0xffffb118c530>, main=<bound method BuildVerb.main of <colcon_core.verb.build.BuildVerb object at 0xffffb118c530>>)
[0.218s] Level 1:colcon.colcon_core.package_discovery:discover_packages(colcon_meta) check parameters
[0.218s] Level 1:colcon.colcon_core.package_discovery:discover_packages(recursive) check parameters
[0.218s] Level 1:colcon.colcon_core.package_discovery:discover_packages(ignore) check parameters
[0.218s] Level 1:colcon.colcon_core.package_discovery:discover_packages(path) check parameters
[0.218s] Level 1:colcon.colcon_core.package_discovery:discover_packages(colcon_meta) discover
[0.218s] Level 1:colcon.colcon_core.package_discovery:discover_packages(recursive) discover
[0.218s] INFO:colcon.colcon_core.package_discovery:Crawling recursively for packages in '/home/pi/mdrobot_motor_driver/src/mdrobot_imu'
[0.218s] Level 1:colcon.colcon_core.package_identification:_identify(.) by extensions ['ignore', 'ignore_ament_install']
[0.218s] Level 1:colcon.colcon_core.package_identification:_identify(.) by extension 'ignore'
[0.218s] Level 1:colcon.colcon_core.package_identification:_identify(.) by extension 'ignore_ament_install'
[0.218s] Level 1:colcon.colcon_core.package_identification:_identify(.) by extensions ['colcon_pkg']
[0.218s] Level 1:colcon.colcon_core.package_identification:_identify(.) by extension 'colcon_pkg'
[0.219s] Level 1:colcon.colcon_core.package_identification:_identify(.) by extensions ['colcon_meta']
[0.219s] Level 1:colcon.colcon_core.package_identification:_identify(.) by extension 'colcon_meta'
[0.219s] Level 1:colcon.colcon_core.package_identification:_identify(.) by extensions ['ros']
[0.219s] Level 1:colcon.colcon_core.package_identification:_identify(.) by extension 'ros'
[0.269s] DEBUG:colcon.colcon_core.package_identification:Package '.' with type 'ros.ament_python' and name 'mdrobot_imu'
[0.269s] Level 1:colcon.colcon_core.package_discovery:discover_packages(recursive) using defaults
[0.270s] Level 1:colcon.colcon_core.package_discovery:discover_packages(ignore) discover
[0.270s] Level 1:colcon.colcon_core.package_discovery:discover_packages(ignore) using defaults
[0.270s] Level 1:colcon.colcon_core.package_discovery:discover_packages(path) discover
[0.270s] Level 1:colcon.colcon_core.package_discovery:discover_packages(path) using defaults
[0.296s] Level 5:colcon.colcon_core.verb:set package 'mdrobot_imu' build argument 'cmake_args' from command line to 'None'
[0.296s] Level 5:colcon.colcon_core.verb:set package 'mdrobot_imu' build argument 'cmake_target' from command line to 'None'
[0.296s] Level 5:colcon.colcon_core.verb:set package 'mdrobot_imu' build argument 'cmake_target_skip_unavailable' from command line to 'False'
[0.296s] Level 5:colcon.colcon_core.verb:set package 'mdrobot_imu' build argument 'cmake_clean_cache' from command line to 'False'
[0.296s] Level 5:colcon.colcon_core.verb:set package 'mdrobot_imu' build argument 'cmake_clean_first' from command line to 'False'
[0.296s] Level 5:colcon.colcon_core.verb:set package 'mdrobot_imu' build argument 'cmake_force_configure' from command line to 'False'
[0.296s] Level 5:colcon.colcon_core.verb:set package 'mdrobot_imu' build argument 'ament_cmake_args' from command line to 'None'
[0.296s] Level 5:colcon.colcon_core.verb:set package 'mdrobot_imu' build argument 'catkin_cmake_args' from command line to 'None'
[0.296s] Level 5:colcon.colcon_core.verb:set package 'mdrobot_imu' build argument 'catkin_skip_building_tests' from command line to 'False'
[0.296s] DEBUG:colcon.colcon_core.verb:Building package 'mdrobot_imu' with the following arguments: {'ament_cmake_args': None, 'build_base': '/home/pi/mdrobot_motor_driver/src/mdrobot_imu/build/mdrobot_imu', 'catkin_cmake_args': None, 'catkin_skip_building_tests': False, 'cmake_args': None, 'cmake_clean_cache': False, 'cmake_clean_first': False, 'cmake_force_configure': False, 'cmake_target': None, 'cmake_target_skip_unavailable': False, 'install_base': '/home/pi/mdrobot_motor_driver/src/mdrobot_imu/install/mdrobot_imu', 'merge_install': False, 'path': '/home/pi/mdrobot_motor_driver/src/mdrobot_imu', 'symlink_install': True, 'test_result_base': None}
[0.296s] INFO:colcon.colcon_core.executor:Executing jobs using 'parallel' executor
[0.298s] DEBUG:colcon.colcon_parallel_executor.executor.parallel:run_until_complete
[0.298s] INFO:colcon.colcon_ros.task.ament_python.build:Building ROS package in '/home/pi/mdrobot_motor_driver/src/mdrobot_imu' with build type 'ament_python'
[0.298s] Level 1:colcon.colcon_core.shell:create_environment_hook('mdrobot_imu', 'ament_prefix_path')
[0.301s] INFO:colcon.colcon_core.plugin_system:Skipping extension 'colcon_core.shell.bat': Not used on non-Windows systems
[0.301s] INFO:colcon.colcon_core.shell:Creating environment descriptor '/home/pi/mdrobot_motor_driver/src/mdrobot_imu/install/mdrobot_imu/share/mdrobot_imu/hook/ament_prefix_path.dsv'
[0.302s] INFO:colcon.colcon_core.shell:Creating environment hook '/home/pi/mdrobot_motor_driver/src/mdrobot_imu/install/mdrobot_imu/share/mdrobot_imu/hook/ament_prefix_path.sh'
[0.303s] DEBUG:colcon.colcon_core.shell:Skip shell extension 'dsv' for command environment
[0.680s] INFO:colcon.colcon_core.task.python.build:Building Python package in '/home/pi/mdrobot_motor_driver/src/mdrobot_imu'
[0.680s] DEBUG:colcon.colcon_core.shell:Skip shell extension 'dsv' for command environment
[1.619s] DEBUG:colcon.colcon_core.event_handler.log_command:Invoking command in '/home/pi/mdrobot_motor_driver/src/mdrobot_imu/build/mdrobot_imu': DEBUGINFOD_URLS=https://debuginfod.ubuntu.com PYTHONPATH=/home/pi/mdrobot_motor_driver/src/mdrobot_imu/build/mdrobot_imu/prefix_override:/usr/lib/python3/dist-packages/colcon_core/task/python/colcon_distutils_commands:/home/pi/mdrobot_motor_driver/src/mdrobot_imu/install/mdrobot_imu/lib/python3.12/site-packages:${PYTHONPATH} /usr/bin/python3 -W ignore:setup.py install is deprecated -W ignore:easy_install command is deprecated setup.py develop --editable --build-directory /home/pi/mdrobot_motor_driver/src/mdrobot_imu/build/mdrobot_imu/build --no-deps symlink_data
[2.675s] Level 1:colcon.colcon_core.shell:create_environment_hook('mdrobot_imu', 'pythonpath_develop')
[2.676s] INFO:colcon.colcon_core.shell:Creating environment descriptor '/home/pi/mdrobot_motor_driver/src/mdrobot_imu/build/mdrobot_imu/share/mdrobot_imu/hook/pythonpath_develop.dsv'
[2.677s] DEBUG:colcon.colcon_core.event_handler.log_command:Invoked command in '/home/pi/mdrobot_motor_driver/src/mdrobot_imu/build/mdrobot_imu' returned '0': DEBUGINFOD_URLS=https://debuginfod.ubuntu.com PYTHONPATH=/home/pi/mdrobot_motor_driver/src/mdrobot_imu/build/mdrobot_imu/prefix_override:/usr/lib/python3/dist-packages/colcon_core/task/python/colcon_distutils_commands:/home/pi/mdrobot_motor_driver/src/mdrobot_imu/install/mdrobot_imu/lib/python3.12/site-packages:${PYTHONPATH} /usr/bin/python3 -W ignore:setup.py install is deprecated -W ignore:easy_install command is deprecated setup.py develop --editable --build-directory /home/pi/mdrobot_motor_driver/src/mdrobot_imu/build/mdrobot_imu/build --no-deps symlink_data
[2.677s] INFO:colcon.colcon_core.shell:Creating environment hook '/home/pi/mdrobot_motor_driver/src/mdrobot_imu/build/mdrobot_imu/share/mdrobot_imu/hook/pythonpath_develop.sh'
[2.682s] Level 1:colcon.colcon_core.environment:checking '/home/pi/mdrobot_motor_driver/src/mdrobot_imu/install/mdrobot_imu' for CMake module files
[2.683s] Level 1:colcon.colcon_core.environment:checking '/home/pi/mdrobot_motor_driver/src/mdrobot_imu/install/mdrobot_imu' for CMake config files
[2.684s] Level 1:colcon.colcon_core.environment:checking '/home/pi/mdrobot_motor_driver/src/mdrobot_imu/install/mdrobot_imu/lib'
[2.685s] Level 1:colcon.colcon_core.environment:checking '/home/pi/mdrobot_motor_driver/src/mdrobot_imu/install/mdrobot_imu/bin'
[2.685s] Level 1:colcon.colcon_core.environment:checking '/home/pi/mdrobot_motor_driver/src/mdrobot_imu/install/mdrobot_imu/lib/pkgconfig/mdrobot_imu.pc'
[2.685s] Level 1:colcon.colcon_core.environment:checking '/home/pi/mdrobot_motor_driver/src/mdrobot_imu/install/mdrobot_imu/lib/python3.12/site-packages'
[2.685s] Level 1:colcon.colcon_core.shell:create_environment_hook('mdrobot_imu', 'pythonpath')
[2.685s] INFO:colcon.colcon_core.shell:Creating environment descriptor '/home/pi/mdrobot_motor_driver/src/mdrobot_imu/install/mdrobot_imu/share/mdrobot_imu/hook/pythonpath.dsv'
[2.686s] INFO:colcon.colcon_core.shell:Creating environment hook '/home/pi/mdrobot_motor_driver/src/mdrobot_imu/install/mdrobot_imu/share/mdrobot_imu/hook/pythonpath.sh'
[2.687s] Level 1:colcon.colcon_core.environment:checking '/home/pi/mdrobot_motor_driver/src/mdrobot_imu/install/mdrobot_imu/bin'
[2.687s] Level 1:colcon.colcon_core.environment:create_environment_scripts_only(mdrobot_imu)
[2.687s] INFO:colcon.colcon_core.shell:Creating package descriptor '/home/pi/mdrobot_motor_driver/src/mdrobot_imu/install/mdrobot_imu/share/mdrobot_imu/package.dsv'
[2.688s] INFO:colcon.colcon_core.shell:Creating package script '/home/pi/mdrobot_motor_driver/src/mdrobot_imu/install/mdrobot_imu/share/mdrobot_imu/package.sh'
[2.689s] INFO:colcon.colcon_core.shell:Creating package script '/home/pi/mdrobot_motor_driver/src/mdrobot_imu/install/mdrobot_imu/share/mdrobot_imu/package.bash'
[2.690s] INFO:colcon.colcon_core.shell:Creating package script '/home/pi/mdrobot_motor_driver/src/mdrobot_imu/install/mdrobot_imu/share/mdrobot_imu/package.zsh'
[2.690s] Level 1:colcon.colcon_core.environment:create_file_with_runtime_dependencies(/home/pi/mdrobot_motor_driver/src/mdrobot_imu/install/mdrobot_imu/share/colcon-core/packages/mdrobot_imu)
[2.691s] DEBUG:colcon.colcon_parallel_executor.executor.parallel:closing loop
[2.692s] DEBUG:colcon.colcon_parallel_executor.executor.parallel:loop closed
[2.692s] DEBUG:colcon.colcon_parallel_executor.executor.parallel:run_until_complete finished with '0'
[2.692s] DEBUG:colcon.colcon_core.event_reactor:joining thread
[2.704s] INFO:colcon.colcon_core.plugin_system:Skipping extension 'colcon_notification.desktop_notification.terminal_notifier': Not used on non-Darwin systems
[2.704s] INFO:colcon.colcon_core.plugin_system:Skipping extension 'colcon_notification.desktop_notification.win32': Not used on non-Windows systems
[2.704s] INFO:colcon.colcon_notification.desktop_notification:Sending desktop notification using 'notify2'
[2.732s] DEBUG:colcon.colcon_core.event_reactor:joined thread
[2.732s] INFO:colcon.colcon_core.shell:Creating prefix script '/home/pi/mdrobot_motor_driver/src/mdrobot_imu/install/local_setup.sh'
[2.733s] INFO:colcon.colcon_core.shell:Creating prefix util module '/home/pi/mdrobot_motor_driver/src/mdrobot_imu/install/_local_setup_util_sh.py'
[2.735s] INFO:colcon.colcon_core.shell:Creating prefix chain script '/home/pi/mdrobot_motor_driver/src/mdrobot_imu/install/setup.sh'
[2.739s] INFO:colcon.colcon_core.shell:Creating prefix script '/home/pi/mdrobot_motor_driver/src/mdrobot_imu/install/local_setup.bash'
[2.741s] INFO:colcon.colcon_core.shell:Creating prefix chain script '/home/pi/mdrobot_motor_driver/src/mdrobot_imu/install/setup.bash'
[2.744s] INFO:colcon.colcon_core.shell:Creating prefix script '/home/pi/mdrobot_motor_driver/src/mdrobot_imu/install/local_setup.zsh'
[2.745s] INFO:colcon.colcon_core.shell:Creating prefix chain script '/home/pi/mdrobot_motor_driver/src/mdrobot_imu/install/setup.zsh'
