[0.165s] DEBUG:colcon:Command line arguments: ['/usr/bin/colcon', 'build', '--packages-select', 'mdrobot_imu', '--symlink-install']
[0.165s] DEBUG:colcon:Parsed command line arguments: Namespace(log_base=None, log_level=None, verb_name='build', build_base='build', install_base='install', merge_install=False, symlink_install=True, test_result_base=None, continue_on_error=False, executor='parallel', parallel_workers=4, event_handlers=None, ignore_user_meta=False, metas=['./colcon.meta'], base_paths=['.'], packages_ignore=None, packages_ignore_regex=None, paths=None, packages_up_to=None, packages_up_to_regex=None, packages_above=None, packages_above_and_dependencies=None, packages_above_depth=None, packages_select_by_dep=None, packages_skip_by_dep=None, packages_skip_up_to=None, packages_select_build_failed=False, packages_skip_build_finished=False, packages_select_test_failures=False, packages_skip_test_passed=False, packages_select=['mdrobot_imu'], packages_skip=None, packages_select_regex=None, packages_skip_regex=None, packages_start=None, packages_end=None, cmake_args=None, cmake_target=None, cmake_target_skip_unavailable=False, cmake_clean_cache=False, cmake_clean_first=False, cmake_force_configure=False, ament_cmake_args=None, catkin_cmake_args=None, catkin_skip_building_tests=False, verb_parser=<colcon_defaults.argument_parser.defaults.DefaultArgumentsDecorator object at 0xffffa2e189e0>, verb_extension=<colcon_core.verb.build.BuildVerb object at 0xffffa48b1ee0>, main=<bound method BuildVerb.main of <colcon_core.verb.build.BuildVerb object at 0xffffa48b1ee0>>)
[0.239s] Level 1:colcon.colcon_core.package_discovery:discover_packages(colcon_meta) check parameters
[0.239s] Level 1:colcon.colcon_core.package_discovery:discover_packages(recursive) check parameters
[0.239s] Level 1:colcon.colcon_core.package_discovery:discover_packages(ignore) check parameters
[0.239s] Level 1:colcon.colcon_core.package_discovery:discover_packages(path) check parameters
[0.239s] Level 1:colcon.colcon_core.package_discovery:discover_packages(colcon_meta) discover
[0.239s] Level 1:colcon.colcon_core.package_discovery:discover_packages(recursive) discover
[0.239s] INFO:colcon.colcon_core.package_discovery:Crawling recursively for packages in '/home/pi/mdrobot_motor_driver/src/mdrobot_imu'
[0.239s] Level 1:colcon.colcon_core.package_identification:_identify(.) by extensions ['ignore', 'ignore_ament_install']
[0.239s] Level 1:colcon.colcon_core.package_identification:_identify(.) by extension 'ignore'
[0.239s] Level 1:colcon.colcon_core.package_identification:_identify(.) by extension 'ignore_ament_install'
[0.240s] Level 1:colcon.colcon_core.package_identification:_identify(.) by extensions ['colcon_pkg']
[0.240s] Level 1:colcon.colcon_core.package_identification:_identify(.) by extension 'colcon_pkg'
[0.240s] Level 1:colcon.colcon_core.package_identification:_identify(.) by extensions ['colcon_meta']
[0.240s] Level 1:colcon.colcon_core.package_identification:_identify(.) by extension 'colcon_meta'
[0.240s] Level 1:colcon.colcon_core.package_identification:_identify(.) by extensions ['ros']
[0.240s] Level 1:colcon.colcon_core.package_identification:_identify(.) by extension 'ros'
[0.285s] DEBUG:colcon.colcon_core.package_identification:Package '.' with type 'ros.ament_python' and name 'mdrobot_imu'
[0.285s] Level 1:colcon.colcon_core.package_discovery:discover_packages(recursive) using defaults
[0.285s] Level 1:colcon.colcon_core.package_discovery:discover_packages(ignore) discover
[0.285s] Level 1:colcon.colcon_core.package_discovery:discover_packages(ignore) using defaults
[0.285s] Level 1:colcon.colcon_core.package_discovery:discover_packages(path) discover
[0.285s] Level 1:colcon.colcon_core.package_discovery:discover_packages(path) using defaults
[0.316s] Level 5:colcon.colcon_core.verb:set package 'mdrobot_imu' build argument 'cmake_args' from command line to 'None'
[0.316s] Level 5:colcon.colcon_core.verb:set package 'mdrobot_imu' build argument 'cmake_target' from command line to 'None'
[0.316s] Level 5:colcon.colcon_core.verb:set package 'mdrobot_imu' build argument 'cmake_target_skip_unavailable' from command line to 'False'
[0.316s] Level 5:colcon.colcon_core.verb:set package 'mdrobot_imu' build argument 'cmake_clean_cache' from command line to 'False'
[0.316s] Level 5:colcon.colcon_core.verb:set package 'mdrobot_imu' build argument 'cmake_clean_first' from command line to 'False'
[0.316s] Level 5:colcon.colcon_core.verb:set package 'mdrobot_imu' build argument 'cmake_force_configure' from command line to 'False'
[0.316s] Level 5:colcon.colcon_core.verb:set package 'mdrobot_imu' build argument 'ament_cmake_args' from command line to 'None'
[0.316s] Level 5:colcon.colcon_core.verb:set package 'mdrobot_imu' build argument 'catkin_cmake_args' from command line to 'None'
[0.316s] Level 5:colcon.colcon_core.verb:set package 'mdrobot_imu' build argument 'catkin_skip_building_tests' from command line to 'False'
[0.316s] DEBUG:colcon.colcon_core.verb:Building package 'mdrobot_imu' with the following arguments: {'ament_cmake_args': None, 'build_base': '/home/pi/mdrobot_motor_driver/src/mdrobot_imu/build/mdrobot_imu', 'catkin_cmake_args': None, 'catkin_skip_building_tests': False, 'cmake_args': None, 'cmake_clean_cache': False, 'cmake_clean_first': False, 'cmake_force_configure': False, 'cmake_target': None, 'cmake_target_skip_unavailable': False, 'install_base': '/home/pi/mdrobot_motor_driver/src/mdrobot_imu/install/mdrobot_imu', 'merge_install': False, 'path': '/home/pi/mdrobot_motor_driver/src/mdrobot_imu', 'symlink_install': True, 'test_result_base': None}
[0.316s] INFO:colcon.colcon_core.executor:Executing jobs using 'parallel' executor
[0.318s] DEBUG:colcon.colcon_parallel_executor.executor.parallel:run_until_complete
[0.318s] INFO:colcon.colcon_ros.task.ament_python.build:Building ROS package in '/home/pi/mdrobot_motor_driver/src/mdrobot_imu' with build type 'ament_python'
[0.318s] Level 1:colcon.colcon_core.shell:create_environment_hook('mdrobot_imu', 'ament_prefix_path')
[0.321s] INFO:colcon.colcon_core.plugin_system:Skipping extension 'colcon_core.shell.bat': Not used on non-Windows systems
[0.321s] INFO:colcon.colcon_core.shell:Creating environment descriptor '/home/pi/mdrobot_motor_driver/src/mdrobot_imu/install/mdrobot_imu/share/mdrobot_imu/hook/ament_prefix_path.dsv'
[0.322s] INFO:colcon.colcon_core.shell:Creating environment hook '/home/pi/mdrobot_motor_driver/src/mdrobot_imu/install/mdrobot_imu/share/mdrobot_imu/hook/ament_prefix_path.sh'
[0.323s] DEBUG:colcon.colcon_core.shell:Skip shell extension 'dsv' for command environment
[0.704s] INFO:colcon.colcon_core.task.python.build:Building Python package in '/home/pi/mdrobot_motor_driver/src/mdrobot_imu'
[0.704s] DEBUG:colcon.colcon_core.shell:Skip shell extension 'dsv' for command environment
[1.634s] DEBUG:colcon.colcon_core.event_handler.log_command:Invoking command in '/home/pi/mdrobot_motor_driver/src/mdrobot_imu/build/mdrobot_imu': DEBUGINFOD_URLS=https://debuginfod.ubuntu.com PYTHONPATH=/home/pi/mdrobot_motor_driver/src/mdrobot_imu/build/mdrobot_imu/prefix_override:/usr/lib/python3/dist-packages/colcon_core/task/python/colcon_distutils_commands:/home/pi/mdrobot_motor_driver/src/mdrobot_imu/install/mdrobot_imu/lib/python3.12/site-packages:${PYTHONPATH} /usr/bin/python3 -W ignore:setup.py install is deprecated -W ignore:easy_install command is deprecated setup.py develop --editable --build-directory /home/pi/mdrobot_motor_driver/src/mdrobot_imu/build/mdrobot_imu/build --no-deps symlink_data
[2.714s] Level 1:colcon.colcon_core.shell:create_environment_hook('mdrobot_imu', 'pythonpath_develop')
[2.715s] INFO:colcon.colcon_core.shell:Creating environment descriptor '/home/pi/mdrobot_motor_driver/src/mdrobot_imu/build/mdrobot_imu/share/mdrobot_imu/hook/pythonpath_develop.dsv'
[2.715s] DEBUG:colcon.colcon_core.event_handler.log_command:Invoked command in '/home/pi/mdrobot_motor_driver/src/mdrobot_imu/build/mdrobot_imu' returned '0': DEBUGINFOD_URLS=https://debuginfod.ubuntu.com PYTHONPATH=/home/pi/mdrobot_motor_driver/src/mdrobot_imu/build/mdrobot_imu/prefix_override:/usr/lib/python3/dist-packages/colcon_core/task/python/colcon_distutils_commands:/home/pi/mdrobot_motor_driver/src/mdrobot_imu/install/mdrobot_imu/lib/python3.12/site-packages:${PYTHONPATH} /usr/bin/python3 -W ignore:setup.py install is deprecated -W ignore:easy_install command is deprecated setup.py develop --editable --build-directory /home/pi/mdrobot_motor_driver/src/mdrobot_imu/build/mdrobot_imu/build --no-deps symlink_data
[2.716s] INFO:colcon.colcon_core.shell:Creating environment hook '/home/pi/mdrobot_motor_driver/src/mdrobot_imu/build/mdrobot_imu/share/mdrobot_imu/hook/pythonpath_develop.sh'
[2.722s] Level 1:colcon.colcon_core.environment:checking '/home/pi/mdrobot_motor_driver/src/mdrobot_imu/install/mdrobot_imu' for CMake module files
[2.723s] Level 1:colcon.colcon_core.environment:checking '/home/pi/mdrobot_motor_driver/src/mdrobot_imu/install/mdrobot_imu' for CMake config files
[2.725s] Level 1:colcon.colcon_core.environment:checking '/home/pi/mdrobot_motor_driver/src/mdrobot_imu/install/mdrobot_imu/lib'
[2.725s] Level 1:colcon.colcon_core.environment:checking '/home/pi/mdrobot_motor_driver/src/mdrobot_imu/install/mdrobot_imu/bin'
[2.725s] Level 1:colcon.colcon_core.environment:checking '/home/pi/mdrobot_motor_driver/src/mdrobot_imu/install/mdrobot_imu/lib/pkgconfig/mdrobot_imu.pc'
[2.726s] Level 1:colcon.colcon_core.environment:checking '/home/pi/mdrobot_motor_driver/src/mdrobot_imu/install/mdrobot_imu/lib/python3.12/site-packages'
[2.726s] Level 1:colcon.colcon_core.shell:create_environment_hook('mdrobot_imu', 'pythonpath')
[2.726s] INFO:colcon.colcon_core.shell:Creating environment descriptor '/home/pi/mdrobot_motor_driver/src/mdrobot_imu/install/mdrobot_imu/share/mdrobot_imu/hook/pythonpath.dsv'
[2.727s] INFO:colcon.colcon_core.shell:Creating environment hook '/home/pi/mdrobot_motor_driver/src/mdrobot_imu/install/mdrobot_imu/share/mdrobot_imu/hook/pythonpath.sh'
[2.728s] Level 1:colcon.colcon_core.environment:checking '/home/pi/mdrobot_motor_driver/src/mdrobot_imu/install/mdrobot_imu/bin'
[2.729s] Level 1:colcon.colcon_core.environment:create_environment_scripts_only(mdrobot_imu)
[2.729s] INFO:colcon.colcon_core.shell:Creating package descriptor '/home/pi/mdrobot_motor_driver/src/mdrobot_imu/install/mdrobot_imu/share/mdrobot_imu/package.dsv'
[2.731s] INFO:colcon.colcon_core.shell:Creating package script '/home/pi/mdrobot_motor_driver/src/mdrobot_imu/install/mdrobot_imu/share/mdrobot_imu/package.sh'
[2.732s] INFO:colcon.colcon_core.shell:Creating package script '/home/pi/mdrobot_motor_driver/src/mdrobot_imu/install/mdrobot_imu/share/mdrobot_imu/package.bash'
[2.733s] INFO:colcon.colcon_core.shell:Creating package script '/home/pi/mdrobot_motor_driver/src/mdrobot_imu/install/mdrobot_imu/share/mdrobot_imu/package.zsh'
[2.734s] Level 1:colcon.colcon_core.environment:create_file_with_runtime_dependencies(/home/pi/mdrobot_motor_driver/src/mdrobot_imu/install/mdrobot_imu/share/colcon-core/packages/mdrobot_imu)
[2.734s] DEBUG:colcon.colcon_parallel_executor.executor.parallel:closing loop
[2.735s] DEBUG:colcon.colcon_parallel_executor.executor.parallel:loop closed
[2.735s] DEBUG:colcon.colcon_parallel_executor.executor.parallel:run_until_complete finished with '0'
[2.735s] DEBUG:colcon.colcon_core.event_reactor:joining thread
[2.749s] INFO:colcon.colcon_core.plugin_system:Skipping extension 'colcon_notification.desktop_notification.terminal_notifier': Not used on non-Darwin systems
[2.749s] INFO:colcon.colcon_core.plugin_system:Skipping extension 'colcon_notification.desktop_notification.win32': Not used on non-Windows systems
[2.749s] INFO:colcon.colcon_notification.desktop_notification:Sending desktop notification using 'notify2'
[2.776s] DEBUG:colcon.colcon_core.event_reactor:joined thread
[2.777s] INFO:colcon.colcon_core.shell:Creating prefix script '/home/pi/mdrobot_motor_driver/src/mdrobot_imu/install/local_setup.sh'
[2.778s] INFO:colcon.colcon_core.shell:Creating prefix util module '/home/pi/mdrobot_motor_driver/src/mdrobot_imu/install/_local_setup_util_sh.py'
[2.780s] INFO:colcon.colcon_core.shell:Creating prefix chain script '/home/pi/mdrobot_motor_driver/src/mdrobot_imu/install/setup.sh'
[2.784s] INFO:colcon.colcon_core.shell:Creating prefix script '/home/pi/mdrobot_motor_driver/src/mdrobot_imu/install/local_setup.bash'
[2.785s] INFO:colcon.colcon_core.shell:Creating prefix chain script '/home/pi/mdrobot_motor_driver/src/mdrobot_imu/install/setup.bash'
[2.788s] INFO:colcon.colcon_core.shell:Creating prefix script '/home/pi/mdrobot_motor_driver/src/mdrobot_imu/install/local_setup.zsh'
[2.789s] INFO:colcon.colcon_core.shell:Creating prefix chain script '/home/pi/mdrobot_motor_driver/src/mdrobot_imu/install/setup.zsh'
